------------------------------------------------------------
Timing Analyzer Summary
------------------------------------------------------------

Type  : Slow 1100mV 85C Model Setup 'processador:processador|registradorGenerico:PC|DOUT[0]'
Slack : -7.824
TNS   : -308.488

Type  : Slow 1100mV 85C Model Setup 'CLOCK_50'
Slack : -6.613
TNS   : -69.046

Type  : Slow 1100mV 85C Model Hold 'CLOCK_50'
Slack : 0.267
TNS   : 0.000

Type  : Slow 1100mV 85C Model Hold 'processador:processador|registradorGenerico:PC|DOUT[0]'
Slack : 0.940
TNS   : 0.000

Type  : Slow 1100mV 85C Model Minimum Pulse Width 'processador:processador|registradorGenerico:PC|DOUT[0]'
Slack : -0.869
TNS   : -72.494

Type  : Slow 1100mV 85C Model Minimum Pulse Width 'CLOCK_50'
Slack : -0.538
TNS   : -15.438

Type  : Slow 1100mV 0C Model Setup 'processador:processador|registradorGenerico:PC|DOUT[0]'
Slack : -8.106
TNS   : -312.859

Type  : Slow 1100mV 0C Model Setup 'CLOCK_50'
Slack : -6.433
TNS   : -64.572

Type  : Slow 1100mV 0C Model Hold 'CLOCK_50'
Slack : -0.010
TNS   : -0.010

Type  : Slow 1100mV 0C Model Hold 'processador:processador|registradorGenerico:PC|DOUT[0]'
Slack : 0.607
TNS   : 0.000

Type  : Slow 1100mV 0C Model Minimum Pulse Width 'processador:processador|registradorGenerico:PC|DOUT[0]'
Slack : -0.989
TNS   : -83.891

Type  : Slow 1100mV 0C Model Minimum Pulse Width 'CLOCK_50'
Slack : -0.538
TNS   : -15.761

Type  : Fast 1100mV 85C Model Setup 'processador:processador|registradorGenerico:PC|DOUT[0]'
Slack : -3.971
TNS   : -156.730

Type  : Fast 1100mV 85C Model Setup 'CLOCK_50'
Slack : -3.368
TNS   : -38.892

Type  : Fast 1100mV 85C Model Hold 'CLOCK_50'
Slack : 0.199
TNS   : 0.000

Type  : Fast 1100mV 85C Model Hold 'processador:processador|registradorGenerico:PC|DOUT[0]'
Slack : 0.599
TNS   : 0.000

Type  : Fast 1100mV 85C Model Minimum Pulse Width 'processador:processador|registradorGenerico:PC|DOUT[0]'
Slack : -0.195
TNS   : -4.848

Type  : Fast 1100mV 85C Model Minimum Pulse Width 'CLOCK_50'
Slack : -0.100
TNS   : -1.892

Type  : Fast 1100mV 0C Model Setup 'processador:processador|registradorGenerico:PC|DOUT[0]'
Slack : -3.640
TNS   : -144.448

Type  : Fast 1100mV 0C Model Setup 'CLOCK_50'
Slack : -2.886
TNS   : -30.873

Type  : Fast 1100mV 0C Model Hold 'CLOCK_50'
Slack : 0.043
TNS   : 0.000

Type  : Fast 1100mV 0C Model Hold 'processador:processador|registradorGenerico:PC|DOUT[0]'
Slack : 0.499
TNS   : 0.000

Type  : Fast 1100mV 0C Model Minimum Pulse Width 'processador:processador|registradorGenerico:PC|DOUT[0]'
Slack : -0.127
TNS   : -2.694

Type  : Fast 1100mV 0C Model Minimum Pulse Width 'CLOCK_50'
Slack : -0.099
TNS   : -1.912

------------------------------------------------------------
