------------------------------------------------------------
Timing Analyzer Summary
------------------------------------------------------------

Type  : Slow 1100mV 85C Model Setup 'processador:processador|registradorGenerico:PC|DOUT[0]'
Slack : -10.193
TNS   : -375.123

Type  : Slow 1100mV 85C Model Setup 'CLOCK_50'
Slack : -10.164
TNS   : -1475.829

Type  : Slow 1100mV 85C Model Hold 'CLOCK_50'
Slack : -1.380
TNS   : -3.611

Type  : Slow 1100mV 85C Model Hold 'processador:processador|registradorGenerico:PC|DOUT[0]'
Slack : -0.538
TNS   : -7.634

Type  : Slow 1100mV 85C Model Recovery 'SW[0]'
Slack : -5.373
TNS   : -5.373

Type  : Slow 1100mV 85C Model Removal 'SW[0]'
Slack : -2.053
TNS   : -2.053

Type  : Slow 1100mV 85C Model Minimum Pulse Width 'processador:processador|registradorGenerico:PC|DOUT[0]'
Slack : -1.793
TNS   : -454.129

Type  : Slow 1100mV 85C Model Minimum Pulse Width 'SW[0]'
Slack : -0.731
TNS   : -1.319

Type  : Slow 1100mV 85C Model Minimum Pulse Width 'CLOCK_50'
Slack : -0.538
TNS   : -173.181

Type  : Slow 1100mV 0C Model Setup 'processador:processador|registradorGenerico:PC|DOUT[0]'
Slack : -10.507
TNS   : -389.310

Type  : Slow 1100mV 0C Model Setup 'CLOCK_50'
Slack : -10.226
TNS   : -1491.881

Type  : Slow 1100mV 0C Model Hold 'CLOCK_50'
Slack : -1.468
TNS   : -4.966

Type  : Slow 1100mV 0C Model Hold 'processador:processador|registradorGenerico:PC|DOUT[0]'
Slack : -0.776
TNS   : -10.679

Type  : Slow 1100mV 0C Model Recovery 'SW[0]'
Slack : -5.447
TNS   : -5.447

Type  : Slow 1100mV 0C Model Removal 'SW[0]'
Slack : -1.912
TNS   : -1.912

Type  : Slow 1100mV 0C Model Minimum Pulse Width 'processador:processador|registradorGenerico:PC|DOUT[0]'
Slack : -1.944
TNS   : -511.573

Type  : Slow 1100mV 0C Model Minimum Pulse Width 'SW[0]'
Slack : -0.722
TNS   : -1.302

Type  : Slow 1100mV 0C Model Minimum Pulse Width 'CLOCK_50'
Slack : -0.538
TNS   : -155.252

Type  : Fast 1100mV 85C Model Setup 'processador:processador|registradorGenerico:PC|DOUT[0]'
Slack : -5.029
TNS   : -179.846

Type  : Fast 1100mV 85C Model Setup 'CLOCK_50'
Slack : -4.981
TNS   : -674.654

Type  : Fast 1100mV 85C Model Hold 'CLOCK_50'
Slack : -0.746
TNS   : -2.458

Type  : Fast 1100mV 85C Model Hold 'processador:processador|registradorGenerico:PC|DOUT[0]'
Slack : -0.307
TNS   : -5.863

Type  : Fast 1100mV 85C Model Recovery 'SW[0]'
Slack : -2.721
TNS   : -2.721

Type  : Fast 1100mV 85C Model Removal 'SW[0]'
Slack : -0.976
TNS   : -0.976

Type  : Fast 1100mV 85C Model Minimum Pulse Width 'SW[0]'
Slack : -0.751
TNS   : -2.014

Type  : Fast 1100mV 85C Model Minimum Pulse Width 'processador:processador|registradorGenerico:PC|DOUT[0]'
Slack : -0.683
TNS   : -99.917

Type  : Fast 1100mV 85C Model Minimum Pulse Width 'CLOCK_50'
Slack : -0.404
TNS   : -88.902

Type  : Fast 1100mV 0C Model Setup 'processador:processador|registradorGenerico:PC|DOUT[0]'
Slack : -4.512
TNS   : -163.991

Type  : Fast 1100mV 0C Model Setup 'CLOCK_50'
Slack : -4.352
TNS   : -589.336

Type  : Fast 1100mV 0C Model Hold 'CLOCK_50'
Slack : -0.762
TNS   : -3.611

Type  : Fast 1100mV 0C Model Hold 'processador:processador|registradorGenerico:PC|DOUT[0]'
Slack : -0.279
TNS   : -4.850

Type  : Fast 1100mV 0C Model Recovery 'SW[0]'
Slack : -2.424
TNS   : -2.424

Type  : Fast 1100mV 0C Model Removal 'SW[0]'
Slack : -0.913
TNS   : -0.913

Type  : Fast 1100mV 0C Model Minimum Pulse Width 'SW[0]'
Slack : -0.757
TNS   : -2.120

Type  : Fast 1100mV 0C Model Minimum Pulse Width 'processador:processador|registradorGenerico:PC|DOUT[0]'
Slack : -0.569
TNS   : -77.939

Type  : Fast 1100mV 0C Model Minimum Pulse Width 'CLOCK_50'
Slack : -0.444
TNS   : -107.256

------------------------------------------------------------
